// Jest Snapshot v1, https://goo.gl/fbAQLP

exports[`renders without crashing 1`] = `
<AuthenticatedRoute
  component={
    <NewNote
      history={Object {}}
    >
      <div
        className="NewNote"
      >
        <form
          onSubmit={[Function]}
        >
          <FormGroup
            bsClass="form-group"
            controlId="content"
          >
            <div
              className="form-group"
            >
              <FormControl
                bsClass="form-control"
                componentClass="textarea"
                onChange={[Function]}
                value=""
              >
                <textarea
                  className="form-control"
                  id="content"
                  onChange={[Function]}
                  value=""
                />
              </FormControl>
            </div>
          </FormGroup>
          <FormGroup
            bsClass="form-group"
            controlId="file"
          >
            <div
              className="form-group"
            >
              <ControlLabel
                bsClass="control-label"
                srOnly={false}
              >
                <label
                  className="control-label"
                  htmlFor="file"
                >
                  Attachment
                </label>
              </ControlLabel>
              <FormControl
                bsClass="form-control"
                componentClass="input"
                onChange={[Function]}
                type="file"
              >
                <input
                  className=""
                  id="file"
                  onChange={[Function]}
                  type="file"
                />
              </FormControl>
            </div>
          </FormGroup>
          <LoaderButton
            block={true}
            bsSize="large"
            bsStyle="primary"
            disabled={true}
            isLoading={false}
            loadingText="Creatingâ€¦"
            text="Create"
            type="submit"
          >
            <Button
              active={false}
              block={true}
              bsClass="btn"
              bsSize="large"
              bsStyle="primary"
              className="LoaderButton "
              disabled={true}
              type="submit"
            >
              <button
                className="LoaderButton  btn btn-lg btn-primary btn-block"
                disabled={true}
                type="submit"
              >
                Create
              </button>
            </Button>
          </LoaderButton>
        </form>
      </div>
    </NewNote>
  }
  dispatch={[Function]}
  isAuthenticated={true}
  store={
    Object {
      "clearActions": [Function],
      "dispatch": [Function],
      "getActions": [Function],
      "getState": [Function],
      "replaceReducer": [Function],
      "subscribe": [Function],
    }
  }
  storeSubscription={
    Subscription {
      "listeners": Object {
        "clear": [Function],
        "get": [Function],
        "notify": [Function],
        "subscribe": [Function],
      },
      "onStateChange": [Function],
      "parentSub": undefined,
      "store": Object {
        "clearActions": [Function],
        "dispatch": [Function],
        "getActions": [Function],
        "getState": [Function],
        "replaceReducer": [Function],
        "subscribe": [Function],
      },
      "unsubscribe": [Function],
    }
  }
/>
`;
