// Jest Snapshot v1, https://goo.gl/fbAQLP

exports[`SignUp screen should render success 1`] = `
<div
  className="Signup"
>
  <form
    onSubmit={[Function]}
  >
    <FormGroup
      bsClass="form-group"
      bsSize="large"
      controlId="email"
    >
      <ControlLabel
        bsClass="control-label"
        srOnly={false}
      >
        Email
      </ControlLabel>
      <FormControl
        autoFocus={true}
        bsClass="form-control"
        componentClass="input"
        onChange={[Function]}
        type="email"
        value=""
      />
    </FormGroup>
    <FormGroup
      bsClass="form-group"
      bsSize="large"
      controlId="password"
    >
      <ControlLabel
        bsClass="control-label"
        srOnly={false}
      >
        Password
      </ControlLabel>
      <FormControl
        bsClass="form-control"
        componentClass="input"
        onChange={[Function]}
        type="password"
        value=""
      />
    </FormGroup>
    <FormGroup
      bsClass="form-group"
      bsSize="large"
      controlId="confirmPassword"
    >
      <ControlLabel
        bsClass="control-label"
        srOnly={false}
      >
        Confirm Password
      </ControlLabel>
      <FormControl
        bsClass="form-control"
        componentClass="input"
        onChange={[Function]}
        type="password"
        value=""
      />
    </FormGroup>
    <LoaderButton
      block={true}
      bsSize="large"
      disabled={true}
      isLoading={false}
      loadingText="Signing upâ€¦"
      text="Signup"
      type="submit"
    />
  </form>
</div>
`;
