// Jest Snapshot v1, https://goo.gl/fbAQLP

exports[`NoteDetail screen should render success 1`] = `
<div
  className="NoteDetail"
/>
`;
